// Jest Snapshot v1, https://goo.gl/fbAQLP

exports[`<Dashboard> renders correctly 1`] = `
<div
  className="Dashboard"
>
  <h3>
    Dashboard
  </h3>
</div>
`;
