// Jest Snapshot v1, https://goo.gl/fbAQLP

exports[`<NotFound> renders correctly 1`] = `
<div
  className="NotFound"
>
  <h3>
    Nothing found for path 
    <code />
  </h3>
</div>
`;
